Release 14.7 - xst P.20131013 (lin64)
Copyright (c) 1995-2013 Xilinx, Inc.  All rights reserved.
--> 
Parameter TMPDIR set to xst/projnav.tmp


Total REAL time to Xst completion: 0.00 secs
Total CPU time to Xst completion: 0.05 secs
 
--> 
Parameter xsthdpdir set to xst


Total REAL time to Xst completion: 0.00 secs
Total CPU time to Xst completion: 0.05 secs
 
--> 
Reading design: top.prj

TABLE OF CONTENTS
  1) Synthesis Options Summary
  2) HDL Parsing
  3) HDL Elaboration
  4) HDL Synthesis
       4.1) HDL Synthesis Report
  5) Advanced HDL Synthesis
       5.1) Advanced HDL Synthesis Report
  6) Low Level Synthesis
  7) Partition Report
  8) Design Summary
       8.1) Primitive and Black Box Usage
       8.2) Device utilization summary
       8.3) Partition Resource Summary
       8.4) Timing Report
            8.4.1) Clock Information
            8.4.2) Asynchronous Control Signals Information
            8.4.3) Timing Summary
            8.4.4) Timing Details
            8.4.5) Cross Clock Domains Report


=========================================================================
*                      Synthesis Options Summary                        *
=========================================================================
---- Source Parameters
Input File Name                    : "top.prj"
Ignore Synthesis Constraint File   : NO

---- Target Parameters
Output File Name                   : "top"
Output Format                      : NGC
Target Device                      : xc6slx150-2-fgg484

---- Source Options
Top Module Name                    : top
Automatic FSM Extraction           : YES
FSM Encoding Algorithm             : Auto
Safe Implementation                : No
FSM Style                          : LUT
RAM Extraction                     : Yes
RAM Style                          : Auto
ROM Extraction                     : Yes
Shift Register Extraction          : YES
ROM Style                          : Auto
Resource Sharing                   : YES
Asynchronous To Synchronous        : NO
Shift Register Minimum Size        : 2
Use DSP Block                      : Auto
Automatic Register Balancing       : No

---- Target Options
LUT Combining                      : Auto
Reduce Control Sets                : Auto
Add IO Buffers                     : YES
Global Maximum Fanout              : 100000
Add Generic Clock Buffer(BUFG)     : 16
Register Duplication               : YES
Optimize Instantiated Primitives   : NO
Use Clock Enable                   : Auto
Use Synchronous Set                : Auto
Use Synchronous Reset              : Auto
Pack IO Registers into IOBs        : Auto
Equivalent register Removal        : YES

---- General Options
Optimization Goal                  : Speed
Optimization Effort                : 1
Power Reduction                    : NO
Keep Hierarchy                     : No
Netlist Hierarchy                  : As_Optimized
RTL Output                         : Yes
Global Optimization                : AllClockNets
Read Cores                         : YES
Write Timing Constraints           : NO
Cross Clock Analysis               : NO
Hierarchy Separator                : /
Bus Delimiter                      : <>
Case Specifier                     : Maintain
Slice Utilization Ratio            : 100
BRAM Utilization Ratio             : 100
DSP48 Utilization Ratio            : 100
Auto BRAM Packing                  : NO
Slice Utilization Ratio Delta      : 5

=========================================================================


=========================================================================
*                          HDL Parsing                                  *
=========================================================================
Analyzing Verilog file "/home/ise/ise_projects/WaveGenerator/sinetable.v" into library work
Parsing module <sinetable>.
Analyzing Verilog file "/home/ise/ise_projects/WaveGenerator/singlecompute.v" into library work
Parsing module <singlecompute>.
Analyzing Verilog file "/home/ise/ise_projects/WaveGenerator/twoblock.v" into library work
Parsing module <twoblock>.
Analyzing Verilog file "/home/ise/ise_projects/WaveGenerator/fourblock.v" into library work
Parsing module <fourblock>.
Analyzing Verilog file "/home/ise/ise_projects/WaveGenerator/eightblock.v" into library work
Parsing module <eightblock>.
Analyzing Verilog file "/home/ise/ise_projects/WaveGenerator/sixteenblock.v" into library work
Parsing module <sixteenblock>.
Analyzing Verilog file "/home/ise/ise_projects/WaveGenerator/thirtytwoblock.v" into library work
Parsing module <thirtytwoblock>.
Analyzing Verilog file "/home/ise/ise_projects/WaveGenerator/sixtyfourblock.v" into library work
Parsing module <sixtyfourblock>.
Analyzing Verilog file "/home/ise/ise_projects/WaveGenerator/okLibrary.v" into library work
Parsing module <okHost>.
Parsing module <okCoreHarness>.
Parsing module <okWireIn>.
Parsing module <okWireOut>.
Parsing module <okTriggerIn>.
Parsing module <okTriggerOut>.
Parsing module <okPipeIn>.
Parsing module <okPipeOut>.
Parsing module <okBTPipeIn>.
Parsing module <okBTPipeOut>.
Parsing module <okWireOR>.
Analyzing Verilog file "/home/ise/ise_projects/WaveGenerator/ipcore_dir/two_clk_fifo.v" into library work
Parsing module <two_clk_fifo>.
Analyzing Verilog file "/home/ise/ise_projects/WaveGenerator/controlcombiner.v" into library work
Parsing module <controlcombiner>.
Analyzing Verilog file "/home/ise/ise_projects/WaveGenerator/top.v" into library work
Parsing module <top>.

=========================================================================
*                            HDL Elaboration                            *
=========================================================================

Elaborating module <top>.
WARNING:HDLCompiler:1127 - "/home/ise/ise_projects/WaveGenerator/top.v" Line 60: Assignment to fifowriteen ignored, since the identifier is never used

Elaborating module <two_clk_fifo>.
WARNING:HDLCompiler:1499 - "/home/ise/ise_projects/WaveGenerator/ipcore_dir/two_clk_fifo.v" Line 39: Empty module <two_clk_fifo> remains a black box.
WARNING:HDLCompiler:1127 - "/home/ise/ise_projects/WaveGenerator/top.v" Line 70: Assignment to fifofull ignored, since the identifier is never used
WARNING:HDLCompiler:1127 - "/home/ise/ise_projects/WaveGenerator/top.v" Line 71: Assignment to fifoem ignored, since the identifier is never used
WARNING:HDLCompiler:1016 - "/home/ise/ise_projects/WaveGenerator/okLibrary.v" Line 40: Port CLK180 is not connected to this instance
WARNING:HDLCompiler:1016 - "/home/ise/ise_projects/WaveGenerator/okLibrary.v" Line 68: Port BUSY is not connected to this instance

Elaborating module <okHost>.

Elaborating module <DCM_SP>.

Elaborating module <BUFG>.

Elaborating module <FDS>.

Elaborating module <FD>.

Elaborating module <IOBUF>.

Elaborating module <IODELAY2(IDELAY_TYPE="FIXED",IDELAY_VALUE=100,DELAY_SRC="IDATAIN")>.

Elaborating module <FDRE>.

Elaborating module <OBUF>.

Elaborating module <okCoreHarness>.

Elaborating module <okWireOR(N=4)>.
WARNING:HDLCompiler:413 - "/home/ise/ise_projects/WaveGenerator/top.v" Line 97: Result of 7-bit expression is truncated to fit in 6-bit target.
WARNING:HDLCompiler:413 - "/home/ise/ise_projects/WaveGenerator/top.v" Line 102: Result of 32-bit expression is truncated to fit in 16-bit target.

Elaborating module <controlcombiner>.

Elaborating module <sixtyfourblock>.

Elaborating module <thirtytwoblock>.

Elaborating module <sixteenblock>.

Elaborating module <eightblock>.

Elaborating module <fourblock>.

Elaborating module <twoblock>.

Elaborating module <singlecompute>.

Elaborating module <sinetable>.

Elaborating module <okWireIn>.

Elaborating module <okTriggerIn>.

Elaborating module <okTriggerOut>.

Elaborating module <okPipeIn>.

Elaborating module <okPipeOut>.
ERROR:HDLCompiler:1401 - "/home/ise/ise_projects/WaveGenerator/top.v" Line 86: Signal currTime[15] in unit top is connected to following multiple drivers:
Driver 0: output signal currTime[15] of instance Flip-flop (currTime).
Driver 1: output signal currTime[15] of instance Flip-flop (_i000023).
Driver 0: output signal currTime[14] of instance Flip-flop (currTime).
Driver 1: output signal currTime[14] of instance Flip-flop (_i000023).
Driver 0: output signal currTime[13] of instance Flip-flop (currTime).
Driver 1: output signal currTime[13] of instance Flip-flop (_i000023).
Driver 0: output signal currTime[12] of instance Flip-flop (currTime).
Driver 1: output signal currTime[12] of instance Flip-flop (_i000023).
Driver 0: output signal currTime[11] of instance Flip-flop (currTime).
Driver 1: output signal currTime[11] of instance Flip-flop (_i000023).
Driver 0: output signal currTime[10] of instance Flip-flop (currTime).
Driver 1: output signal currTime[10] of instance Flip-flop (_i000023).
Driver 0: output signal currTime[9] of instance Flip-flop (currTime).
Driver 1: output signal currTime[9] of instance Flip-flop (_i000023).
Driver 0: output signal currTime[8] of instance Flip-flop (currTime).
Driver 1: output signal currTime[8] of instance Flip-flop (_i000023).
Driver 0: output signal currTime[7] of instance Flip-flop (currTime).
Driver 1: output signal currTime[7] of instance Flip-flop (_i000023).
Driver 0: output signal currTime[6] of instance Flip-flop (currTime).
Driver 1: output signal currTime[6] of instance Flip-flop (_i000023).
Driver 0: output signal currTime[5] of instance Flip-flop (currTime).
Driver 1: output signal currTime[5] of instance Flip-flop (_i000023).
Driver 0: output signal currTime[4] of instance Flip-flop (currTime).
Driver 1: output signal currTime[4] of instance Flip-flop (_i000023).
Driver 0: output signal currTime[3] of instance Flip-flop (currTime).
Driver 1: output signal currTime[3] of instance Flip-flop (_i000023).
Driver 0: output signal currTime[2] of instance Flip-flop (currTime).
Driver 1: output signal currTime[2] of instance Flip-flop (_i000023).
Driver 0: output signal currTime[1] of instance Flip-flop (currTime).
Driver 1: output signal currTime[1] of instance Flip-flop (_i000023).
Driver 0: output signal currTime[0] of instance Flip-flop (currTime).
Driver 1: output signal currTime[0] of instance Flip-flop (_i000023).
WARNING:HDLCompiler:634 - "/home/ise/ise_projects/WaveGenerator/top.v" Line 52: Net <finishedsignal[15]> does not have a driver.
Driver 0: output signal finishedsignal[0] of instance Flip-Flop (finishedsignal[0]).
Driver 1: output signal finishedsignal[0] of instance Flip-Flop (_i000024).
Driver 0: output signal timeup of instance Flip-Flop (timeup).
Driver 1: output signal timeup of instance Flip-Flop (_i000025).
Module top remains a blackbox, due to errors in its contents
WARNING:HDLCompiler:1499 - "/home/ise/ise_projects/WaveGenerator/top.v" Line 24: Empty module <top> remains a black box.
--> 


Total memory usage is 428888 kilobytes

Number of errors   :    1 (   0 filtered)
Number of warnings :   10 (   0 filtered)
Number of infos    :    0 (   0 filtered)

